{
  "nodes": [
    { "id": "col:simple.create_insert_with_columns_same_name.user_id" },
    { "id": "col:simple.create_insert_with_columns_same_name.registration_date" },
    { "id": "tbl:simple.create_insert_with_columns_same_name" },
    { "id": "tbl:mwl.mysql_users" },
    { "id": "col:mwl.mysql_users.user_id" },
    { "id": "col:mwl.mysql_users.registration_date" }
  ],
  "links": [
    { "source": "tbl:simple.create_insert_with_columns_same_name", "target": "col:simple.create_insert_with_columns_same_name.user_id", "type": "contains_column" },
    { "source": "tbl:simple.create_insert_with_columns_same_name", "target": "col:simple.create_insert_with_columns_same_name.registration_date", "type": "contains_column" },
    { "source":"tbl:simple.create_insert_with_columns_same_name", "target":"tbl:mwl.mysql_users", "type":"table_dependency" },
    { "source": "tbl:mwl.mysql_users", "target": "col:mwl.mysql_users.user_id", "type": "contains_column" },
    { "source": "tbl:mwl.mysql_users", "target": "col:mwl.mysql_users.registration_date", "type": "contains_column" },
    { "source": "col:simple.create_insert_with_columns_same_name.user_id", "target": "col:mwl.mysql_users.user_id", "type": "column_dependency" },
    { "source": "col:simple.create_insert_with_columns_same_name.registration_date", "target": "col:mwl.mysql_users.registration_date", "type": "column_dependency" }
  ]
}