{
  "nodes": [
    { "id": "col:simple.create_table_as_select_without_from.user_id" },
    { "id": "col:simple.create_table_as_select_without_from.registration_date" },
    { "id": "tbl:simple.create_table_as_select_without_from" }
  ],
  "links": [
    { "source": "tbl:simple.create_table_as_select_without_from", "target": "col:simple.create_table_as_select_without_from.user_id", "type": "contains_column" },
    { "source": "tbl:simple.create_table_as_select_without_from", "target": "col:simple.create_table_as_select_without_from.registration_date", "type": "contains_column" }
  ]
}