{
  "nodes": [
    { "id": "col:simple.create_table_as_select_from_nested_cte_with_two_join_union_coalesce.name" },
    { "id": "col:simple.create_table_as_select_from_nested_cte_with_two_join_union_coalesce.user_id" },
    { "id": "col:simple.create_table_as_select_from_nested_cte_with_two_join_union_coalesce.status" },
    { "id": "col:simple.create_table_as_select_from_nested_cte_with_two_join_union_coalesce.project_id" },
    { "id": "tbl:simple.create_table_as_select_from_nested_cte_with_two_join_union_coalesce" },
    { "id": "col:source.users.name" },
    { "id": "col:source.users.id" },
    { "id": "col:source.users.project_id" },
    { "id": "tbl:source.users" },
    { "id": "col:source.user_status.user_id" },
    { "id": "col:source.user_status.status" },
    { "id": "tbl:source.user_status" },
    { "id": "tbl:reference.project" },
    { "id": "col:reference.project.project_id" },
    { "id": "col:reference.project.name" },
    { "id": "tbl:source.user_history" },
    { "id": "col:source.user_history.user_id" },
    { "id": "col:source.user_history.name" },
    { "id": "col:source.user_history.status" },
    { "id": "col:source.user_history.project_id" },
    { "id": "tbl:source.imported_users" },
    { "id": "col:source.imported_users.user_id" },
    { "id": "col:source.imported_users.name" },
    { "id": "col:source.imported_users.status" },
    { "id": "col:source.imported_users.project_id" }
  ],
  "links": [
    { "source": "tbl:simple.create_table_as_select_from_nested_cte_with_two_join_union_coalesce", "target": "col:simple.create_table_as_select_from_nested_cte_with_two_join_union_coalesce.name", "type": "contains_column" },
    { "source": "tbl:simple.create_table_as_select_from_nested_cte_with_two_join_union_coalesce", "target": "col:simple.create_table_as_select_from_nested_cte_with_two_join_union_coalesce.user_id", "type": "contains_column" },
    { "source": "tbl:simple.create_table_as_select_from_nested_cte_with_two_join_union_coalesce", "target": "col:simple.create_table_as_select_from_nested_cte_with_two_join_union_coalesce.status", "type": "contains_column" },
    { "source": "tbl:simple.create_table_as_select_from_nested_cte_with_two_join_union_coalesce", "target": "col:simple.create_table_as_select_from_nested_cte_with_two_join_union_coalesce.project_id", "type": "contains_column" },
    { "source": "tbl:simple.create_table_as_select_from_nested_cte_with_two_join_union_coalesce", "target": "tbl:source.users", "type": "table_dependency" },
    { "source": "tbl:simple.create_table_as_select_from_nested_cte_with_two_join_union_coalesce", "target": "tbl:source.user_status", "type": "table_dependency" },
    { "source": "tbl:simple.create_table_as_select_from_nested_cte_with_two_join_union_coalesce", "target": "tbl:reference.project", "type": "table_dependency" },
    { "source": "tbl:simple.create_table_as_select_from_nested_cte_with_two_join_union_coalesce", "target": "tbl:source.imported_users", "type": "table_dependency" },
    { "source": "tbl:simple.create_table_as_select_from_nested_cte_with_two_join_union_coalesce", "target": "tbl:source.user_history", "type": "table_dependency" },
    { "source": "tbl:source.users", "target": "col:source.users.name", "type": "contains_column" },
    { "source": "tbl:source.users", "target": "col:source.users.id", "type": "contains_column" },
    { "source": "tbl:source.users", "target": "col:source.users.project_id", "type": "contains_column" },
    { "source": "tbl:source.user_status", "target": "col:source.user_status.status", "type": "contains_column" },
    { "source": "tbl:source.user_status", "target": "col:source.user_status.user_id", "type": "contains_column" },
    { "source": "col:simple.create_table_as_select_from_nested_cte_with_two_join_union_coalesce.name", "target": "col:source.users.name", "type": "column_dependency" },
    { "source": "col:simple.create_table_as_select_from_nested_cte_with_two_join_union_coalesce.user_id", "target": "col:source.users.id", "type": "column_dependency" },
    { "source": "col:simple.create_table_as_select_from_nested_cte_with_two_join_union_coalesce.status", "target": "col:source.user_status.status", "type": "column_dependency" },
    { "source": "tbl:reference.project", "target": "col:reference.project.name", "type": "contains_column" },
    { "source": "tbl:reference.project", "target": "col:reference.project.project_id", "type": "contains_column" },
    { "source": "col:simple.create_table_as_select_from_nested_cte_with_two_join_union_coalesce.project_id", "target": "col:reference.project.project_id", "type": "column_dependency" },
    { "source": "col:simple.create_table_as_select_from_nested_cte_with_two_join_union_coalesce.project_id", "target": "col:source.user_history.project_id", "type": "column_dependency" },
    { "source": "col:simple.create_table_as_select_from_nested_cte_with_two_join_union_coalesce.user_id", "target": "col:source.user_history.user_id", "type": "column_dependency" },
    { "source": "col:simple.create_table_as_select_from_nested_cte_with_two_join_union_coalesce.name", "target": "col:source.user_history.name", "type": "column_dependency" },
    { "source": "col:simple.create_table_as_select_from_nested_cte_with_two_join_union_coalesce.status", "target": "col:source.user_history.status", "type": "column_dependency" },
    { "source": "col:simple.create_table_as_select_from_nested_cte_with_two_join_union_coalesce.project_id", "target": "col:source.imported_users.project_id", "type": "column_dependency" },
    { "source": "col:simple.create_table_as_select_from_nested_cte_with_two_join_union_coalesce.user_id", "target": "col:source.imported_users.user_id", "type": "column_dependency" },
    { "source": "col:simple.create_table_as_select_from_nested_cte_with_two_join_union_coalesce.name", "target": "col:source.imported_users.name", "type": "column_dependency" },
    { "source": "col:simple.create_table_as_select_from_nested_cte_with_two_join_union_coalesce.status", "target": "col:source.imported_users.status", "type": "column_dependency" },
    { "source": "tbl:source.user_history", "target": "col:source.user_history.user_id", "type": "contains_column" },
    { "source": "tbl:source.user_history", "target": "col:source.user_history.name", "type": "contains_column" },
    { "source": "tbl:source.user_history", "target": "col:source.user_history.status", "type": "contains_column" },
    { "source": "tbl:source.user_history", "target": "col:source.user_history.project_id", "type": "contains_column" },
    { "source": "tbl:source.imported_users", "target": "col:source.imported_users.user_id", "type": "contains_column" },
    { "source": "tbl:source.imported_users", "target": "col:source.imported_users.name", "type": "contains_column" },
    { "source": "tbl:source.imported_users", "target": "col:source.imported_users.status", "type": "contains_column" },
    { "source": "tbl:source.imported_users", "target": "col:source.imported_users.project_id", "type": "contains_column" }
  ]
}