{
  "nodes": [
    { "id": "col:simple.create_table_insert_with_columns_diff_name_without_alias.user_id" },
    { "id": "col:simple.create_table_insert_with_columns_diff_name_without_alias.registration_date" },
    { "id": "tbl:simple.create_table_insert_with_columns_diff_name_without_alias" },
    { "id": "tbl:mwl._mysql_users" }
  ],
  "links": [
    { "source": "tbl:simple.create_table_insert_with_columns_diff_name_without_alias", "target": "col:simple.create_table_insert_with_columns_diff_name_without_alias.user_id", "type": "contains_column" },
    { "source": "tbl:simple.create_table_insert_with_columns_diff_name_without_alias", "target": "col:simple.create_table_insert_with_columns_diff_name_without_alias.registration_date", "type": "contains_column" },
    { "source":"tbl:simple.create_table_insert_with_columns_diff_name_without_alias", "target":"tbl:mwl._mysql_users", "type":"table_dependency" }
  ]
}